// Vitest Snapshot v1, https://vitest.dev/guide/snapshot.html

exports[`ServiceCard > render > should match snapshot. 1`] = `
<div>
  <div
    class="bg-card text-card-foreground flex flex-col gap-6 rounded-xl border py-6 shadow-sm"
    data-slot="card"
  >
    <div
      class="@container/card-header grid auto-rows-min grid-rows-[auto_auto] items-start gap-1.5 px-6 has-data-[slot=card-action]:grid-cols-[1fr_auto] [.border-b]:pb-6"
      data-slot="card-header"
    >
      <div
        class="leading-none font-semibold"
        data-slot="card-title"
      >
        <a
          href="http://localhost:3000"
          rel="noopener noreferrer"
          target="_blank"
        >
          Nginx
        </a>
      </div>
    </div>
  </div>
</div>
`;
